[debug] [2026-09-13T12:37:43.123Z] ----------------------------------------------------------------------
[debug] [2026-09-13T12:37:43.125Z] Command:       C:\Program Files\nodejs\node.exe C:\Users\user\AppData\Local\npm-cache\_npx\7750544ccf494d8b\node_modules\firebase-tools\lib\bin\firebase.js projects:create waiter-ai-2026-hackathon --display-name wAIter AI
[debug] [2026-09-13T12:37:43.125Z] CLI Version:   15.30.0
[debug] [2026-09-13T12:37:43.126Z] Platform:      win32
[debug] [2026-09-13T12:37:43.126Z] Node Version:  v24.13.1
[debug] [2026-09-13T12:37:43.126Z] Detected Agent: antigravity
[debug] [2026-09-13T12:37:43.126Z] Time:          Sun Sep 13 2026 15:37:43 GMT+0300 (Москва, стандартное время)
[debug] [2026-09-13T12:37:43.126Z] ----------------------------------------------------------------------
[debug] 
[debug] [2026-09-13T12:37:43.132Z] > command requires scopes: ["email","openid","https://www.googleapis.com/auth/cloudplatformprojects.readonly","https://www.googleapis.com/auth/firebase","https://www.googleapis.com/auth/cloud-platform"]
[debug] [2026-09-13T12:37:43.132Z] > authorizing via signed-in user (otarernazar@gmail.com)
[debug] [2026-09-13T12:37:43.144Z] Checked if tokens are valid: true, expires at: 1789306648177
[debug] [2026-09-13T12:37:43.144Z] Checked if tokens are valid: true, expires at: 1789306648177
[debug] [2026-09-13T12:37:43.145Z] >>> [apiv2][query] POST https://cloudresourcemanager.googleapis.com/v1/projects [none]
[debug] [2026-09-13T12:37:43.145Z] >>> [apiv2][body] POST https://cloudresourcemanager.googleapis.com/v1/projects {"projectId":"waiter-ai-2026-hackathon","name":"wAIter AI"}
[debug] [2026-09-13T12:37:44.933Z] <<< [apiv2][status] POST https://cloudresourcemanager.googleapis.com/v1/projects 200
[debug] [2026-09-13T12:37:44.933Z] <<< [apiv2][body] POST https://cloudresourcemanager.googleapis.com/v1/projects {"name":"operations/create_project.global.6438871295100061513"}
[debug] [2026-09-13T12:37:44.933Z] Checked if tokens are valid: true, expires at: 1789306648177
[debug] [2026-09-13T12:37:44.933Z] Checked if tokens are valid: true, expires at: 1789306648177
[debug] [2026-09-13T12:37:44.934Z] >>> [apiv2][query] GET https://cloudresourcemanager.googleapis.com/v1/operations/create_project.global.6438871295100061513 [none]
[debug] [2026-09-13T12:37:45.852Z] <<< [apiv2][status] GET https://cloudresourcemanager.googleapis.com/v1/operations/create_project.global.6438871295100061513 200
[debug] [2026-09-13T12:37:45.852Z] <<< [apiv2][body] GET https://cloudresourcemanager.googleapis.com/v1/operations/create_project.global.6438871295100061513 {"name":"operations/create_project.global.6438871295100061513"}
[debug] [2026-09-13T12:37:46.354Z] [Project Creation Poller] Retrying task index 0
[debug] [2026-09-13T12:37:46.354Z] Checked if tokens are valid: true, expires at: 1789306648177
[debug] [2026-09-13T12:37:46.354Z] Checked if tokens are valid: true, expires at: 1789306648177
[debug] [2026-09-13T12:37:46.354Z] >>> [apiv2][query] GET https://cloudresourcemanager.googleapis.com/v1/operations/create_project.global.6438871295100061513 [none]
[debug] [2026-09-13T12:37:46.661Z] <<< [apiv2][status] GET https://cloudresourcemanager.googleapis.com/v1/operations/create_project.global.6438871295100061513 200
[debug] [2026-09-13T12:37:46.661Z] <<< [apiv2][body] GET https://cloudresourcemanager.googleapis.com/v1/operations/create_project.global.6438871295100061513 {"name":"operations/create_project.global.6438871295100061513","metadata":{"@type":"type.googleapis.com/google.cloudresourcemanager.v1.ProjectCreationStatus","gettable":true,"ready":true},"done":true,"response":{"@type":"type.googleapis.com/google.cloudresourcemanager.v1.Project","projectNumber":"790729506241","projectId":"waiter-ai-2026-hackathon","lifecycleState":"ACTIVE","name":"wAIter AI","createTime":"2026-09-13T12:37:54.104Z"}}
[debug] [2026-09-13T12:37:46.663Z] Checked if tokens are valid: true, expires at: 1789306648177
[debug] [2026-09-13T12:37:46.663Z] Checked if tokens are valid: true, expires at: 1789306648177
[debug] [2026-09-13T12:37:46.663Z] >>> [apiv2][query] POST https://firebase.googleapis.com/v1beta1/projects/waiter-ai-2026-hackathon:addFirebase [none]
[debug] [2026-09-13T12:37:48.078Z] <<< [apiv2][status] POST https://firebase.googleapis.com/v1beta1/projects/waiter-ai-2026-hackathon:addFirebase 403
[debug] [2026-09-13T12:37:48.079Z] <<< [apiv2][body] POST https://firebase.googleapis.com/v1beta1/projects/waiter-ai-2026-hackathon:addFirebase {"error":{"code":403,"message":"The caller does not have permission","status":"PERMISSION_DENIED"}}
[debug] [2026-09-13T12:37:48.081Z] Request to https://firebase.googleapis.com/v1beta1/projects/waiter-ai-2026-hackathon:addFirebase had HTTP Error: 403, The caller does not have permission
[debug] [2026-09-13T12:37:48.084Z] FirebaseError: Request to https://firebase.googleapis.com/v1beta1/projects/waiter-ai-2026-hackathon:addFirebase had HTTP Error: 403, The caller does not have permission
    at responseToError (C:\Users\user\AppData\Local\npm-cache\_npx\7750544ccf494d8b\node_modules\firebase-tools\lib\responseToError.js:53:12)
    at RetryOperation._fn (C:\Users\user\AppData\Local\npm-cache\_npx\7750544ccf494d8b\node_modules\firebase-tools\lib\apiv2.js:415:77)
    at process.processTicksAndRejections (node:internal/process/task_queues:103:5)
[error] 
[error] Error: Failed to add Firebase to Google Cloud Platform project. See firebase-debug.log for more info.
[debug] [2026-09-13T12:38:38.845Z] ----------------------------------------------------------------------
[debug] [2026-09-13T12:38:38.847Z] Command:       C:\Program Files\nodejs\node.exe C:\Users\user\AppData\Local\npm-cache\_npx\7750544ccf494d8b\node_modules\firebase-tools\lib\bin\firebase.js projects:addfirebase waiter-ai-2026-hackathon
[debug] [2026-09-13T12:38:38.848Z] CLI Version:   15.30.0
[debug] [2026-09-13T12:38:38.848Z] Platform:      win32
[debug] [2026-09-13T12:38:38.848Z] Node Version:  v24.13.1
[debug] [2026-09-13T12:38:38.848Z] Detected Agent: antigravity
[debug] [2026-09-13T12:38:38.848Z] Time:          Sun Sep 13 2026 15:38:38 GMT+0300 (Москва, стандартное время)
[debug] [2026-09-13T12:38:38.848Z] ----------------------------------------------------------------------
[debug] 
[debug] [2026-09-13T12:38:38.854Z] > command requires scopes: ["email","openid","https://www.googleapis.com/auth/cloudplatformprojects.readonly","https://www.googleapis.com/auth/firebase","https://www.googleapis.com/auth/cloud-platform"]
[debug] [2026-09-13T12:38:38.854Z] > authorizing via signed-in user (otarernazar@gmail.com)
[debug] [2026-09-13T12:38:38.867Z] Checked if tokens are valid: true, expires at: 1789306648177
[debug] [2026-09-13T12:38:38.867Z] Checked if tokens are valid: true, expires at: 1789306648177
[debug] [2026-09-13T12:38:38.868Z] >>> [apiv2][query] POST https://firebase.googleapis.com/v1beta1/projects/waiter-ai-2026-hackathon:addFirebase [none]
[debug] [2026-09-13T12:38:40.232Z] <<< [apiv2][status] POST https://firebase.googleapis.com/v1beta1/projects/waiter-ai-2026-hackathon:addFirebase 403
[debug] [2026-09-13T12:38:40.232Z] <<< [apiv2][body] POST https://firebase.googleapis.com/v1beta1/projects/waiter-ai-2026-hackathon:addFirebase {"error":{"code":403,"message":"The caller does not have permission","status":"PERMISSION_DENIED"}}
[debug] [2026-09-13T12:38:40.232Z] Request to https://firebase.googleapis.com/v1beta1/projects/waiter-ai-2026-hackathon:addFirebase had HTTP Error: 403, The caller does not have permission
[debug] [2026-09-13T12:38:40.234Z] FirebaseError: Request to https://firebase.googleapis.com/v1beta1/projects/waiter-ai-2026-hackathon:addFirebase had HTTP Error: 403, The caller does not have permission
    at responseToError (C:\Users\user\AppData\Local\npm-cache\_npx\7750544ccf494d8b\node_modules\firebase-tools\lib\responseToError.js:53:12)
    at RetryOperation._fn (C:\Users\user\AppData\Local\npm-cache\_npx\7750544ccf494d8b\node_modules\firebase-tools\lib\apiv2.js:415:77)
    at process.processTicksAndRejections (node:internal/process/task_queues:103:5)
[error] 
[error] Error: Failed to add Firebase to Google Cloud Platform project. See firebase-debug.log for more info.
